Hello, World!
This is a test file.
Line 3.
Appended line 1
Appended line 2